// Jest Snapshot v1, https://goo.gl/fbAQLP

exports[`Customisation should render Customisation component 1`] = `
<div
  className="settings-content"
>
  <div
    className="panel panel-default settings-custom-css"
  >
    <div
      className="panel-heading"
    >
      Custom styles
    </div>
    <div
      className="panel-body"
    >
      <Connect(Form)
        model="settings.settings"
        onSubmit={[Function]}
      >
        <Modeled(Connect(Field))
          className="test"
          model=".customCSS"
        >
          <label
            className="form-group-label"
            htmlFor="custom_css"
          >
            Custom CSS
            <textarea
              className="form-control"
              id="custom_css"
            />
          </label>
        </Modeled(Connect(Field))>
        <div
          className="settings-footer remove-extra-nesting"
        >
          <div
            className="btn-cluster content-right"
          >
            <button
              className="btn btn-success btn-extra-padding"
              type="submit"
            >
              <Connect(Translate)>
                Save
              </Connect(Translate)>
            </button>
          </div>
        </div>
      </Connect(Form)>
    </div>
  </div>
</div>
`;
