// Jest Snapshot v1, https://goo.gl/fbAQLP

exports[`ThesauriForm render should render DragAndDropContainer with thesauri items 1`] = `
<div
  className="thesauri"
>
  <Connect(Form)
    model="thesauri.data"
    onSubmit={[Function]}
    validators={
      Object {
        "name": Object {
          "duplicated": [Function],
          "required": [Function],
        },
      }
    }
  >
    <div
      className="panel panel-default thesauri"
    >
      <div
        className="panel-heading"
      >
        <FormGroup
          className=""
        >
          <Modeled(Connect(Field))
            model=".name"
          >
            <input
              className="form-control"
              id="thesauriName"
              placeholder="Thesauri name"
              type="text"
            />
            <ShowIf>
              <div
                className="validation-error"
              >
                <Connect(Icon)
                  icon="exclamation-triangle"
                  size="xs"
                />
                Â 
                <Connect(Translate)>
                  Duplicated name
                </Connect(Translate)>
              </div>
            </ShowIf>
          </Modeled(Connect(Field))>
        </FormGroup>
      </div>
      <div
        className="thesauri-values"
      >
        <div
          className=""
        >
          <b>
            <Connect(Translate)>
              Items:
            </Connect(Translate)>
          </b>
        </div>
        <DragDropContext(DropTarget(DragAndDropContainer))
          iconHandle={true}
          items={
            Array [
              Object {
                "label": "Heroes",
                "values": Array [
                  Object {
                    "label": "Batman",
                  },
                  Object {
                    "label": "Robin",
                  },
                ],
              },
              Object {
                "label": "Villains",
                "values": Array [
                  Object {
                    "label": "Joker",
                  },
                  Object {
                    "label": "Penguin",
                  },
                ],
              },
            ]
          }
          onChange={[Function]}
          renderItem={[Function]}
        />
      </div>
      <div
        className="settings-footer"
      >
        <div
          className="btn-cluster"
        >
          <BackButton
            className="btn-plain"
            to="/settings/dictionaries"
          />
        </div>
        <div
          className="btn-cluster lg-margin-left-12 sm-order-1 sm-footer-extra-row"
        >
          <button
            className="btn btn-default"
            onClick={[Function]}
            type="button"
          >
            <Connect(Icon)
              icon="plus"
            />
            <span
              className="btn-label"
            >
              <Connect(Translate)>
                Add group
              </Connect(Translate)>
            </span>
          </button>
          <button
            className="btn btn-default"
            onClick={[Function]}
            type="button"
          >
            <Connect(Icon)
              icon="sort-alpha-down"
            />
            <span
              className="btn-label"
            >
              <Connect(Translate)>
                Sort
              </Connect(Translate)>
            </span>
          </button>
          <SelectFileButton
            onFileImported={[Function]}
          >
            <button
              className="btn btn-default import-template"
              type="button"
            >
              <Connect(Icon)
                icon="upload"
              />
              <span
                className="btn-label"
              >
                <Connect(Translate)>
                  Import
                </Connect(Translate)>
              </span>
            </button>
          </SelectFileButton>
        </div>
        <div
          className="btn-cluster content-right"
        >
          <Connect(I18NLink)
            className="btn btn-default btn-extra-padding"
            to="/settings/dictionaries"
          >
            <span
              className="btn-label"
            >
              <Connect(Translate)>
                Cancel
              </Connect(Translate)>
            </span>
          </Connect(I18NLink)>
          <button
            className="btn btn-success btn-extra-padding save-template"
            type="submit"
          >
            <span
              className="btn-label"
            >
              <Connect(Translate)>
                Save
              </Connect(Translate)>
            </span>
          </button>
        </div>
      </div>
    </div>
  </Connect(Form)>
</div>
`;

exports[`ThesauriForm renderItem should render ThesauriFormItem with specified value and index 1`] = `
<ThesauriFormItem
  index={1}
  onChange={[Function]}
  removeValue={[Function]}
  value={
    Object {
      "label": "Villains",
      "values": Array [
        Object {
          "label": "Joker",
        },
        Object {
          "label": "Penguin",
        },
      ],
    }
  }
/>
`;
