// Jest Snapshot v1, https://goo.gl/fbAQLP

exports[`ThesaurusCockpit render should render a ThesaurusCockpit 1`] = `
<div
  className="settings-content"
>
  <div
    className="flex thesaurus-cockpit panel panel-default"
  >
    <div
      className="panel-heading"
    >
      Thesauri &gt; ThesaurusName
      <button
        className="btn btn-default btn-xs btn-toggle-on"
        onClick={[Function]}
        type="button"
      >
        <Connect(Icon)
          icon="toggle-on"
        />
        Â 
        <span>
          Show Suggestions
        </span>
      </button>
      <Connect(I18NLink)
        className="btn btn-primary btn-xs"
        title="publish-button"
        to="/library/?quickLabelThesaurus=thesaurusUnderscoreId1&q=(filters:(__thesaurus_name:(values:!(any)),thesaurus_name:(values:!(any))),limit:100,order:desc,sort:creationDate,unpublished:!t)"
      >
        <Connect(Translate)>
          Review unpublished document
        </Connect(Translate)>
      </Connect(I18NLink)>
    </div>
    <div
      className="cockpit"
    >
      <Notice
        allowClose={true}
        title="Suggestion Status"
      >
        <div
          className="block"
        >
          <div
            className="stretch"
          >
            <Connect(Translate)
              translationKey="Suggested labels description"
            >
              Uwazi has suggested labels for your collection. Review them using the "View suggestions" button next to each topic. Disable suggestions with the "Show suggestions" toggle.
            </Connect(Translate)>
            <br />
            <br />
            <Connect(Translate)>
              You can also improve the model by providing more labeled documents.
            </Connect(Translate)>
          </div>
          <div
            className="footer"
          >
            <Connect(I18NLink)
              className="btn btn-primary get-started"
              title="label-docs"
              to="/library/?quickLabelThesaurus=thesaurusUnderscoreId1&q=(allAggregations:!t,includeUnpublished:!t)"
            >
              <Connect(Translate)>
                Label more documents
              </Connect(Translate)>
            </Connect(I18NLink)>
          </div>
        </div>
        <div
          className="block"
        >
          <div
            className="stretch"
          >
            <Connect(Translate)>
              We recommend labeling
            </Connect(Translate)>
             
            90
             
            <Connect(Translate)>
              documents before training (30 per topic).
            </Connect(Translate)>
            <br />
            <br />
            <Connect(Translate)>
              You have labeled
            </Connect(Translate)>
             
            2
             
            <Connect(Translate)>
              documents so far.
            </Connect(Translate)>
          </div>
          <div
            className="footer"
          />
        </div>
      </Notice>
      <table>
        <thead>
          <tr>
            <th
              scope="col"
            >
              ThesaurusName
            </th>
            <th
              scope="col"
            >
              <Connect(Translate)>
                Sample
              </Connect(Translate)>
            </th>
            <th
              scope="col"
            >
              <Connect(Translate)>
                Documents to be reviewed
              </Connect(Translate)>
            </th>
            <th
              scope="col"
            />
          </tr>
        </thead>
        <tbody>
          <tr
            key="Topic 1"
          >
            <th
              scope="row"
            >
              Topic 1
            </th>
            <td
              title="sample-count"
            >
              4
            </td>
            <td
              title="suggestions-count"
            >
              4
            </td>
            <td
              title="review-button"
            >
              <Connect(I18NLink)
                className="btn btn-default btn-xs"
                to="/review?q=(filters:(__thesaurus_name:(values:!('id1')),thesaurus_name:(values:!(missing))))&includeUnpublished=1"
              >
                <span
                  title="review-button-title"
                >
                  View suggestions
                </span>
              </Connect(I18NLink)>
            </td>
          </tr>
          <tr
            key="Topic 2"
          >
            <th
              scope="row"
            >
              Topic 2
            </th>
            <td
              title="sample-count"
            >
              -
            </td>
            <td
              title="suggestions-count"
            >
              -
            </td>
            <td
              title="review-button"
            />
          </tr>
          <tr
            key="Topic 3"
          >
            <th
              scope="row"
            >
              Topic 3
            </th>
            <td
              title="sample-count"
            >
              -
            </td>
            <td
              title="suggestions-count"
            >
              -
            </td>
            <td
              title="review-button"
            />
          </tr>
        </tbody>
      </table>
      <div
        className="sync-state"
      >
        Updating suggestions
      </div>
    </div>
    <div
      className="settings-footer"
    >
      <Connect(I18NLink)
        className="btn btn-default"
        to="/settings/dictionaries"
      >
        <Connect(Icon)
          icon="arrow-left"
        />
        <span
          className="btn-label"
        >
          Back
        </span>
      </Connect(I18NLink)>
    </div>
    <Connect(Footer) />
  </div>
</div>
`;
