// Jest Snapshot v1, https://goo.gl/fbAQLP

exports[`importFile readStream should return a readable stream for the csv file 1`] = `
"Title , text label  , numeric label, non configured, select_label, not defined type, geolocation_geolocation,auto id, additional tag(s), Multi Select Label, Date label

title1, text value 1, 1977, ______________, thesauri1   , notType1                 , 1|1,,tag1, multivalue1,03/01/2022
title2, text value 2, 2019, ______________, thesauri2   , notType2                 ,    ,,tag2, multivalue2,01/03/2022
title3, text value 3, 2020, ______________, thesauri2   , notType3                 , 0|0,,tag3, multivalue1|multivalue3,01/01/2022
"
`;

exports[`importFile readStream when file is a a zip should return a stream for a file that should be called import.csv by default 1`] = `
"Title , file , attachments,

file1, 1.pdf, att1.doc,
file2, 2.pdf, att1.doc|att2.jpg,
file3, 3.pdf,                  ,
"
`;

exports[`importFile readStream when file is a a zip when passing a filename should return a read stream for that file 1`] = `
"file1.txt
"
`;
