// Jest Snapshot v1, https://goo.gl/fbAQLP

exports[`Attachments Modal Should match render of upload form 1`] = `
<Modal
  ariaHideApp={false}
  bodyOpenClassName="ReactModal__Body--open"
  className="attachments-modal"
  closeTimeoutMS={0}
  contentElement={[Function]}
  isOpen={true}
  overlayClassName="attachments-modal__overlay"
  overlayElement={[Function]}
  parentSelector={[Function]}
  portalClassName="ReactModalPortal"
  preventScroll={false}
  role="dialog"
  shouldCloseOnEsc={true}
  shouldCloseOnOverlayClick={true}
  shouldFocusAfterRender={true}
  shouldReturnFocusAfterClose={true}
>
  <div
    className="attachments-modal__header"
  >
    <h4>
      <Connect(Translate)>
        Supporting files
      </Connect(Translate)>
    </h4>
    <button
      className="attachments-modal__close"
      disabled={false}
      onClick={[Function]}
      type="button"
    >
      <Connect(Icon)
        icon="times"
      />
      <span>
        <Connect(Translate)>
          Cancel
        </Connect(Translate)>
      </span>
    </button>
  </div>
  <div
    className="attachments-modal__content"
  >
    <Tabs
      onChange={[Function]}
      renderActiveTabContentOnly={true}
    >
      <div
        className="attachments-modal__tabs"
      >
        <TabLink
          className="tab-link modal-tab-1"
          component="div"
          to="uploadComputer"
        >
          <Connect(Translate)>
            Upload from computer
          </Connect(Translate)>
        </TabLink>
        <TabLink
          className="tab-link modal-tab-2"
          component="div"
          to="uploadWeb"
        >
          <Connect(Translate)>
            Add from web
          </Connect(Translate)>
        </TabLink>
      </div>
      <div
        className="attachments-modal__tabs-content"
      >
        <TabContent
          className="tab-content centered"
          for="uploadComputer"
        >
          <t
            className="attachments-modal__dropzone"
            disableClick={true}
            disablePreview={false}
            disabled={false}
            maxSize={Infinity}
            minSize={0}
            multiple={false}
            onDrop={[Function]}
            preventDropOnDocument={true}
          >
            <button
              className="btn"
              onClick={[Function]}
              type="button"
            >
              <Connect(Icon)
                icon="link"
              />
                
              <Connect(Translate)>
                Upload and select file
              </Connect(Translate)>
            </button>
            <input
              aria-label="fileInput"
              onChange={[Function]}
              style={
                Object {
                  "display": "none",
                }
              }
              type="file"
            />
            <h4
              className="attachments-modal__dropzone-title"
            >
              <Connect(Translate)>
                Drag and drop file in this window to upload 
              </Connect(Translate)>
            </h4>
          </t>
        </TabContent>
        <TabContent
          className="tab-content centered"
          for="uploadWeb"
        >
          <div
            className="wrapper-web"
          >
            <WebMediaResourceForm
              dispatch={[Function]}
              handleSubmit={[Function]}
              hasName={true}
            />
          </div>
        </TabContent>
      </div>
    </Tabs>
  </div>
</Modal>
`;

exports[`Attachments Modal Should match render of web form 1`] = `
<Modal
  ariaHideApp={false}
  bodyOpenClassName="ReactModal__Body--open"
  className="attachments-modal"
  closeTimeoutMS={0}
  contentElement={[Function]}
  isOpen={true}
  overlayClassName="attachments-modal__overlay"
  overlayElement={[Function]}
  parentSelector={[Function]}
  portalClassName="ReactModalPortal"
  preventScroll={false}
  role="dialog"
  shouldCloseOnEsc={true}
  shouldCloseOnOverlayClick={true}
  shouldFocusAfterRender={true}
  shouldReturnFocusAfterClose={true}
>
  <div
    className="attachments-modal__header"
  >
    <h4>
      <Connect(Translate)>
        Supporting files
      </Connect(Translate)>
    </h4>
    <button
      className="attachments-modal__close"
      disabled={false}
      onClick={[Function]}
      type="button"
    >
      <Connect(Icon)
        icon="times"
      />
      <span>
        <Connect(Translate)>
          Cancel
        </Connect(Translate)>
      </span>
    </button>
  </div>
  <div
    className="attachments-modal__content"
  >
    <Tabs
      onChange={[Function]}
      renderActiveTabContentOnly={true}
    >
      <div
        className="attachments-modal__tabs"
      >
        <TabLink
          className="tab-link modal-tab-1"
          component="div"
          to="uploadComputer"
        >
          <Connect(Translate)>
            Upload from computer
          </Connect(Translate)>
        </TabLink>
        <TabLink
          className="tab-link modal-tab-2"
          component="div"
          to="uploadWeb"
        >
          <Connect(Translate)>
            Add from web
          </Connect(Translate)>
        </TabLink>
      </div>
      <div
        className="attachments-modal__tabs-content"
      >
        <TabContent
          className="tab-content centered"
          for="uploadComputer"
        >
          <t
            className="attachments-modal__dropzone"
            disableClick={true}
            disablePreview={false}
            disabled={false}
            maxSize={Infinity}
            minSize={0}
            multiple={false}
            onDrop={[Function]}
            preventDropOnDocument={true}
          >
            <button
              className="btn"
              onClick={[Function]}
              type="button"
            >
              <Connect(Icon)
                icon="link"
              />
                
              <Connect(Translate)>
                Upload and select file
              </Connect(Translate)>
            </button>
            <input
              aria-label="fileInput"
              onChange={[Function]}
              style={
                Object {
                  "display": "none",
                }
              }
              type="file"
            />
            <h4
              className="attachments-modal__dropzone-title"
            >
              <Connect(Translate)>
                Drag and drop file in this window to upload 
              </Connect(Translate)>
            </h4>
          </t>
        </TabContent>
        <TabContent
          className="tab-content centered"
          for="uploadWeb"
        >
          <div
            className="wrapper-web"
          >
            <WebMediaResourceForm
              dispatch={[Function]}
              handleSubmit={[Function]}
              hasName={true}
            />
          </div>
        </TabContent>
      </div>
    </Tabs>
  </div>
</Modal>
`;
